2025-07-13 14:23:59 - 略過（已存在）：EVA_20250713_BR122_TPE_AOJ，TPE ➜ AOJ，出發：2025/07/13 10:00，抵達：2025/07/13 14:30
2025-07-13 14:24:06 - 略過（已存在）：EVA_20250713_BR067_TPE_BKK，TPE ➜ BKK，出發：2025/07/13 08:15，抵達：2025/07/13 11:20
2025-07-13 14:24:06 - 略過（已存在）：EVA_20250713_BR211_TPE_BKK，TPE ➜ BKK，出發：2025/07/13 08:20，抵達：2025/07/13 11:10
2025-07-13 14:24:06 - 略過（已存在）：EVA_20250713_BR205_TPE_BKK，TPE ➜ BKK，出發：2025/07/13 20:45，抵達：2025/07/13 23:30
2025-07-13 14:24:20 - 略過（已存在）：EVA_20250713_BR707_TPE_CAN，TPE ➜ CAN，出發：2025/07/13 10:00，抵達：2025/07/13 11:55
2025-07-13 14:24:22 - 略過（已存在）：EVA_20250713_BR087_TPE_CDG，TPE ➜ CDG，出發：2025/07/13 23:30，抵達：2025/07/14 07:55
2025-07-13 14:24:23 - 略過（已存在）：EVA_20250713_BR281_TPE_CEB，TPE ➜ CEB，出發：2025/07/13 08:00，抵達：2025/07/13 10:50
2025-07-13 14:24:25 - 略過（已存在）：EVA_20250713_BR237_TPE_CGK，TPE ➜ CGK，出發：2025/07/13 09:00，抵達：2025/07/13 13:20
2025-07-13 14:24:36 - 略過（已存在）：EVA_20250713_BR257_TPE_CNX，TPE ➜ CNX，出發：2025/07/13 07:25，抵達：2025/07/13 10:25
2025-07-13 14:24:37 - 略過（已存在）：EVA_20250713_BR233_TPE_CRK，TPE ➜ CRK，出發：2025/07/13 09:00，抵達：2025/07/13 11:00
2025-07-13 14:24:40 - 略過（已存在）：EVA_20250713_BR116_TPE_CTS，TPE ➜ CTS，出發：2025/07/13 10:10，抵達：2025/07/13 15:00
2025-07-13 14:24:40 - 略過（已存在）：EVA_20250713_BR166_TPE_CTS，TPE ➜ CTS，出發：2025/07/13 06:55，抵達：2025/07/13 11:55
2025-07-13 14:24:43 - 略過（已存在）：EVA_20250713_BR383_TPE_DAD，TPE ➜ DAD，出發：2025/07/13 09:45，抵達：2025/07/13 11:35
2025-07-13 14:24:47 - 略過（已存在）：EVA_20250713_BR255_TPE_DPS，TPE ➜ DPS，出發：2025/07/13 09:50，抵達：2025/07/13 15:15
2025-07-13 14:25:02 - 略過（已存在）：EVA_20250713_BR106_TPE_FUK，TPE ➜ FUK，出發：2025/07/13 08:10，抵達：2025/07/13 11:20
2025-07-13 14:25:02 - 略過（已存在）：EVA_20250713_BR102_TPE_FUK，TPE ➜ FUK，出發：2025/07/13 15:10，抵達：2025/07/13 18:20
2025-07-13 14:25:10 - 略過（已存在）：EVA_20250713_BR397_TPE_HAN，TPE ➜ HAN，出發：2025/07/13 09:00，抵達：2025/07/13 11:05
2025-07-13 14:25:10 - 略過（已存在）：EVA_20250713_BR385_TPE_HAN，TPE ➜ HAN，出發：2025/07/13 14:40，抵達：2025/07/13 16:50
2025-07-13 14:25:12 - 略過（已存在）：EVA_20250713_BR758_TPE_HGH，TPE ➜ HGH，出發：2025/07/13 16:25，抵達：2025/07/13 18:15
2025-07-13 14:25:16 - 略過（已存在）：EVA_20250713_BR891_TPE_HKG，TPE ➜ HKG，出發：2025/07/13 07:00，抵達：2025/07/13 08:50
2025-07-13 14:25:16 - 略過（已存在）：EVA_20250713_BR851_TPE_HKG，TPE ➜ HKG，出發：2025/07/13 08:15，抵達：2025/07/13 10:05
2025-07-13 14:25:16 - 略過（已存在）：EVA_20250713_BR867_TPE_HKG，TPE ➜ HKG，出發：2025/07/13 10:05，抵達：2025/07/13 12:05
2025-07-13 14:25:16 - 略過（已存在）：EVA_20250713_BR869_TPE_HKG，TPE ➜ HKG，出發：2025/07/13 12:40，抵達：2025/07/13 14:25
2025-07-13 14:25:16 - 略過（已存在）：EVA_20250713_BR855_TPE_HKG，TPE ➜ HKG，出發：2025/07/13 14:10，抵達：2025/07/13 16:00
2025-07-13 14:25:16 - 略過（已存在）：EVA_20250713_BR871_TPE_HKG，TPE ➜ HKG，出發：2025/07/13 16:40，抵達：2025/07/13 18:30
2025-07-13 14:25:16 - 略過（已存在）：EVA_20250713_BR857_TPE_HKG，TPE ➜ HKG，出發：2025/07/13 18:10，抵達：2025/07/13 19:55
2025-07-13 14:25:21 - 略過（已存在）：EVA_20250713_BR052_TPE_IAH，TPE ➜ IAH，出發：2025/07/13 21:20，抵達：2025/07/13 22:50
2025-07-13 14:25:22 - 略過（已存在）：EVA_20250713_BR170_TPE_ICN，TPE ➜ ICN，出發：2025/07/13 07:30，抵達：2025/07/13 11:00
2025-07-13 14:25:23 - 略過（已存在）：EVA_20250713_BR154_TPE_ICN，TPE ➜ ICN，出發：2025/07/13 08:55，抵達：2025/07/13 12:25
2025-07-13 14:25:23 - 略過（已存在）：EVA_20250713_BR160_TPE_ICN，TPE ➜ ICN，出發：2025/07/13 15:15，抵達：2025/07/13 18:45
2025-07-13 14:25:26 - 略過（已存在）：EVA_20250713_BR032_TPE_JFK，TPE ➜ JFK，出發：2025/07/13 19:10，抵達：2025/07/13 22:05
