Cron log file content
2025-07-13 14:07:39 - 插入：EVA_20250713_BR122_TPE_AOJ，TPE ➜ AOJ，出發：2025/07/13 10:00，抵達：2025/07/13 14:30
2025-07-13 14:07:50 - 插入：EVA_20250713_BR067_TPE_BKK，TPE ➜ BKK，出發：2025/07/13 08:15，抵達：2025/07/13 11:20
2025-07-13 14:07:51 - 插入：EVA_20250713_BR211_TPE_BKK，TPE ➜ BKK，出發：2025/07/13 08:20，抵達：2025/07/13 11:10
2025-07-13 14:07:51 - 插入：EVA_20250713_BR205_TPE_BKK，TPE ➜ BKK，出發：2025/07/13 20:45，抵達：2025/07/13 23:30
2025-07-13 14:08:07 - 插入：EVA_20250713_BR707_TPE_CAN，TPE ➜ CAN，出發：2025/07/13 10:00，抵達：2025/07/13 11:55
2025-07-13 14:08:09 - 插入：EVA_20250713_BR087_TPE_CDG，TPE ➜ CDG，出發：2025/07/13 23:30，抵達：2025/07/14 07:55
2025-07-13 14:08:11 - 插入：EVA_20250713_BR281_TPE_CEB，TPE ➜ CEB，出發：2025/07/13 08:00，抵達：2025/07/13 10:50
2025-07-13 14:08:13 - 插入：EVA_20250713_BR237_TPE_CGK，TPE ➜ CGK，出發：2025/07/13 09:00，抵達：2025/07/13 13:20
2025-07-13 14:08:24 - 插入：EVA_20250713_BR257_TPE_CNX，TPE ➜ CNX，出發：2025/07/13 07:25，抵達：2025/07/13 10:25
2025-07-13 14:08:26 - 插入：EVA_20250713_BR233_TPE_CRK，TPE ➜ CRK，出發：2025/07/13 09:00，抵達：2025/07/13 11:00
2025-07-13 14:08:28 - 插入：EVA_20250713_BR116_TPE_CTS，TPE ➜ CTS，出發：2025/07/13 10:10，抵達：2025/07/13 15:00
2025-07-13 14:08:29 - 插入：EVA_20250713_BR166_TPE_CTS，TPE ➜ CTS，出發：2025/07/13 06:55，抵達：2025/07/13 11:55
2025-07-13 14:08:33 - 插入：EVA_20250713_BR383_TPE_DAD，TPE ➜ DAD，出發：2025/07/13 09:45，抵達：2025/07/13 11:35
2025-07-13 14:08:39 - 插入：EVA_20250713_BR255_TPE_DPS，TPE ➜ DPS，出發：2025/07/13 09:50，抵達：2025/07/13 15:15
2025-07-13 14:09:08 - 略過（已存在）：EVA_20250713_BR122_TPE_AOJ，TPE ➜ AOJ，出發：2025/07/13 10:00，抵達：2025/07/13 14:30
2025-07-13 14:09:18 - 略過（已存在）：EVA_20250713_BR067_TPE_BKK，TPE ➜ BKK，出發：2025/07/13 08:15，抵達：2025/07/13 11:20
2025-07-13 14:09:18 - 略過（已存在）：EVA_20250713_BR211_TPE_BKK，TPE ➜ BKK，出發：2025/07/13 08:20，抵達：2025/07/13 11:10
2025-07-13 14:09:18 - 略過（已存在）：EVA_20250713_BR205_TPE_BKK，TPE ➜ BKK，出發：2025/07/13 20:45，抵達：2025/07/13 23:30
2025-07-13 14:09:36 - 略過（已存在）：EVA_20250713_BR707_TPE_CAN，TPE ➜ CAN，出發：2025/07/13 10:00，抵達：2025/07/13 11:55
2025-07-13 14:09:37 - 略過（已存在）：EVA_20250713_BR087_TPE_CDG，TPE ➜ CDG，出發：2025/07/13 23:30，抵達：2025/07/14 07:55
2025-07-13 14:09:38 - 略過（已存在）：EVA_20250713_BR281_TPE_CEB，TPE ➜ CEB，出發：2025/07/13 08:00，抵達：2025/07/13 10:50
2025-07-13 14:09:40 - 略過（已存在）：EVA_20250713_BR237_TPE_CGK，TPE ➜ CGK，出發：2025/07/13 09:00，抵達：2025/07/13 13:20
2025-07-13 14:09:53 - 略過（已存在）：EVA_20250713_BR257_TPE_CNX，TPE ➜ CNX，出發：2025/07/13 07:25，抵達：2025/07/13 10:25
2025-07-13 14:09:55 - 略過（已存在）：EVA_20250713_BR233_TPE_CRK，TPE ➜ CRK，出發：2025/07/13 09:00，抵達：2025/07/13 11:00
2025-07-13 14:09:58 - 略過（已存在）：EVA_20250713_BR116_TPE_CTS，TPE ➜ CTS，出發：2025/07/13 10:10，抵達：2025/07/13 15:00
2025-07-13 14:09:58 - 略過（已存在）：EVA_20250713_BR166_TPE_CTS，TPE ➜ CTS，出發：2025/07/13 06:55，抵達：2025/07/13 11:55
2025-07-13 14:10:02 - 略過（已存在）：EVA_20250713_BR383_TPE_DAD，TPE ➜ DAD，出發：2025/07/13 09:45，抵達：2025/07/13 11:35
2025-07-13 14:10:07 - 略過（已存在）：EVA_20250713_BR255_TPE_DPS，TPE ➜ DPS，出發：2025/07/13 09:50，抵達：2025/07/13 15:15
2025-07-13 14:10:24 - 插入：EVA_20250713_BR106_TPE_FUK，TPE ➜ FUK，出發：2025/07/13 08:10，抵達：2025/07/13 11:20
2025-07-13 14:10:24 - 插入：EVA_20250713_BR102_TPE_FUK，TPE ➜ FUK，出發：2025/07/13 15:10，抵達：2025/07/13 18:20
2025-07-13 14:10:35 - 插入：EVA_20250713_BR397_TPE_HAN，TPE ➜ HAN，出發：2025/07/13 09:00，抵達：2025/07/13 11:05
2025-07-13 14:10:35 - 插入：EVA_20250713_BR385_TPE_HAN，TPE ➜ HAN，出發：2025/07/13 14:40，抵達：2025/07/13 16:50
2025-07-13 14:10:38 - 插入：EVA_20250713_BR758_TPE_HGH，TPE ➜ HGH，出發：2025/07/13 16:25，抵達：2025/07/13 18:15
2025-07-13 14:10:42 - 插入：EVA_20250713_BR869_TPE_HKG，TPE ➜ HKG，出發：2025/07/13 12:40，抵達：2025/07/13 14:25
2025-07-13 14:10:42 - 插入：EVA_20250713_BR891_TPE_HKG，TPE ➜ HKG，出發：2025/07/13 07:00，抵達：2025/07/13 08:50
2025-07-13 14:10:42 - 插入：EVA_20250713_BR851_TPE_HKG，TPE ➜ HKG，出發：2025/07/13 08:15，抵達：2025/07/13 10:05
2025-07-13 14:10:42 - 插入：EVA_20250713_BR867_TPE_HKG，TPE ➜ HKG，出發：2025/07/13 10:05，抵達：2025/07/13 12:05
2025-07-13 14:10:43 - 插入：EVA_20250713_BR855_TPE_HKG，TPE ➜ HKG，出發：2025/07/13 14:10，抵達：2025/07/13 16:00
2025-07-13 14:10:43 - 插入：EVA_20250713_BR871_TPE_HKG，TPE ➜ HKG，出發：2025/07/13 16:40，抵達：2025/07/13 18:30
2025-07-13 14:10:43 - 插入：EVA_20250713_BR857_TPE_HKG，TPE ➜ HKG，出發：2025/07/13 18:10，抵達：2025/07/13 19:55
2025-07-13 14:10:48 - 插入：EVA_20250713_BR052_TPE_IAH，TPE ➜ IAH，出發：2025/07/13 21:20，抵達：2025/07/13 22:50
2025-07-13 14:10:49 - 插入：EVA_20250713_BR170_TPE_ICN，TPE ➜ ICN，出發：2025/07/13 07:30，抵達：2025/07/13 11:00
2025-07-13 14:10:49 - 插入：EVA_20250713_BR154_TPE_ICN，TPE ➜ ICN，出發：2025/07/13 08:55，抵達：2025/07/13 12:25
2025-07-13 14:10:50 - 插入：EVA_20250713_BR160_TPE_ICN，TPE ➜ ICN，出發：2025/07/13 15:15，抵達：2025/07/13 18:45
2025-07-13 14:10:53 - 插入：EVA_20250713_BR032_TPE_JFK，TPE ➜ JFK，出發：2025/07/13 19:10，抵達：2025/07/13 22:05
2025-07-13 14:10:59 - 插入：EVA_20250713_BR178_TPE_KIX，TPE ➜ KIX，出發：2025/07/13 06:30，抵達：2025/07/13 10:10
2025-07-13 14:10:59 - 插入：EVA_20250713_BR132_TPE_KIX，TPE ➜ KIX，出發：2025/07/13 08:30，抵達：2025/07/13 12:10
2025-07-13 14:10:59 - 插入：EVA_20250713_BR130_TPE_KIX，TPE ➜ KIX，出發：2025/07/13 13:35，抵達：2025/07/13 17:15
2025-07-13 14:11:01 - 插入：EVA_20250713_BR158_TPE_KMQ，TPE ➜ KMQ，出發：2025/07/13 06:35，抵達：2025/07/13 10:25
2025-07-13 14:11:04 - 插入：EVA_20250713_BR217_TPE_KUL，TPE ➜ KUL，出發：2025/07/13 06:30，抵達：2025/07/13 11:15
2025-07-13 14:11:07 - 插入：EVA_20250713_BR006_TPE_LAX，TPE ➜ LAX，出發：2025/07/13 10:10，抵達：2025/07/13 07:50
2025-07-13 14:11:07 - 插入：EVA_20250713_BR012_TPE_LAX，TPE ➜ LAX，出發：2025/07/13 19:40，抵達：2025/07/13 16:55
2025-07-13 14:11:07 - 插入：EVA_20250713_BR016_TPE_LAX，TPE ➜ LAX，出發：2025/07/13 23:55，抵達：2025/07/13 21:25
2025-07-13 14:11:13 - 插入：EVA_20250713_BR067_BKK_LHR，BKK ➜ LHR，出發：2025/07/13 12:45，抵達：2025/07/13 19:20
2025-07-13 14:11:13 - 略過（已存在）：EVA_20250713_BR067_TPE_BKK，TPE ➜ BKK，出發：2025/07/13 08:15，抵達：2025/07/13 11:20
2025-07-13 14:11:25 - 插入：EVA_20250713_BR801_TPE_MFM，TPE ➜ MFM，出發：2025/07/13 10:00，抵達：2025/07/13 11:50
2025-07-13 14:11:25 - 插入：EVA_20250713_BR805_TPE_MFM，TPE ➜ MFM，出發：2025/07/13 16:40，抵達：2025/07/13 18:35
2025-07-13 14:11:30 - 插入：EVA_20250713_BR271_TPE_MNL，TPE ➜ MNL，出發：2025/07/13 09:20，抵達：2025/07/13 11:40
2025-07-13 14:11:30 - 插入：EVA_20250713_BR277_TPE_MNL，TPE ➜ MNL，出發：2025/07/13 15:15，抵達：2025/07/13 17:35
2025-07-13 14:11:30 - 插入：EVA_20250713_BR261_TPE_MNL，TPE ➜ MNL，出發：2025/07/13 20:30，抵達：2025/07/13 22:50
2025-07-13 14:11:33 - 插入：EVA_20250713_BR071_TPE_MUC，TPE ➜ MUC，出發：2025/07/13 23:55，抵達：2025/07/14 07:35
2025-07-13 14:11:35 - 插入：EVA_20250713_BR110_TPE_MYJ，TPE ➜ MYJ，出發：2025/07/13 06:50，抵達：2025/07/13 10:15
2025-07-13 14:11:41 - 插入：EVA_20250713_BR184_TPE_NRT，TPE ➜ NRT，出發：2025/07/13 07:55，抵達：2025/07/13 12:25
2025-07-13 14:11:41 - 插入：EVA_20250713_BR198_TPE_NRT，TPE ➜ NRT，出發：2025/07/13 09:00，抵達：2025/07/13 13:25
2025-07-13 14:11:41 - 插入：EVA_20250713_BR196_TPE_NRT，TPE ➜ NRT，出發：2025/07/13 15:20，抵達：2025/07/13 19:40
2025-07-13 14:11:43 - 插入：EVA_20250713_BR186_TPE_OKA，TPE ➜ OKA，出發：2025/07/13 16:25，抵達：2025/07/13 18:55
2025-07-13 14:11:43 - 插入：EVA_20250713_BR112_TPE_OKA，TPE ➜ OKA，出發：2025/07/13 06:45，抵達：2025/07/13 09:15
2025-07-13 14:11:47 - 插入：EVA_20250713_BR056_TPE_ORD，TPE ➜ ORD，出發：2025/07/13 20:00，抵達：2025/07/13 21:10
2025-07-13 14:11:52 - 插入：EVA_20250713_BR716_TPE_PEK，TPE ➜ PEK，出發：2025/07/13 15:05，抵達：2025/07/13 18:35
2025-07-13 14:11:57 - 插入：EVA_20250713_BR265_TPE_PNH，TPE ➜ PNH，出發：2025/07/13 08:45，抵達：2025/07/13 11:15
2025-07-13 14:12:03 - 插入：EVA_20250713_BR712_TPE_PVG，TPE ➜ PVG，出發：2025/07/13 09:55，抵達：2025/07/13 12:05
2025-07-13 14:12:03 - 插入：EVA_20250713_BR722_TPE_PVG，TPE ➜ PVG，出發：2025/07/13 16:30，抵達：2025/07/13 18:25
2025-07-13 14:12:16 - 插入：EVA_20250713_BR118_TPE_SDJ，TPE ➜ SDJ，出發：2025/07/13 10:05，抵達：2025/07/13 14:35
2025-07-13 14:12:18 - 插入：EVA_20250713_BR026_TPE_SEA，TPE ➜ SEA，出發：2025/07/13 23:40，抵達：2025/07/13 19:50
2025-07-13 14:12:20 - 插入：EVA_20250713_BR008_TPE_SFO，TPE ➜ SFO，出發：2025/07/13 10:15，抵達：2025/07/13 07:20
2025-07-13 14:12:20 - 插入：EVA_20250713_BR018_TPE_SFO，TPE ➜ SFO，出發：2025/07/13 19:40，抵達：2025/07/13 16:35
2025-07-13 14:12:20 - 插入：EVA_20250713_BR028_TPE_SFO，TPE ➜ SFO，出發：2025/07/13 23:40，抵達：2025/07/13 20:35
2025-07-13 14:12:21 - 插入：EVA_20250713_BR395_TPE_SGN，TPE ➜ SGN，出發：2025/07/13 07:30，抵達：2025/07/13 09:55
2025-07-13 14:12:22 - 插入：EVA_20250713_BR391_TPE_SGN，TPE ➜ SGN，出發：2025/07/13 09:20，抵達：2025/07/13 11:40
2025-07-13 14:12:22 - 插入：EVA_20250713_BR381_TPE_SGN，TPE ➜ SGN，出發：2025/07/13 19:35，抵達：2025/07/13 22:00
2025-07-13 14:12:24 - 插入：EVA_20250713_BR225_TPE_SIN，TPE ➜ SIN，出發：2025/07/13 07:40，抵達：2025/07/13 12:00
2025-07-13 14:12:24 - 插入：EVA_20250713_BR215_TPE_SIN，TPE ➜ SIN，出發：2025/07/13 09:25，抵達：2025/07/13 13:50
2025-07-13 14:12:50 - 插入：EVA_20250713_BR061_BKK_VIE，BKK ➜ VIE，出發：2025/07/13 02:20，抵達：2025/07/13 08:35
2025-07-13 14:12:50 - 插入：EVA_20250713_BR065_TPE_VIE，TPE ➜ VIE，出發：2025/07/13 23:45，抵達：2025/07/14 06:55
2025-07-13 14:13:06 - 插入：EVA_20250713_BR010_TPE_YVR，TPE ➜ YVR，出發：2025/07/13 23:30，抵達：2025/07/13 19:40
2025-07-13 14:13:13 - 插入：EVA_20250713_BR036_TPE_YYZ，TPE ➜ YYZ，出發：2025/07/13 19:20，抵達：2025/07/13 21:35
